
when making flags consistent: warning:
    Optimization flags conflict with --interactive; optimization flags ignored.
