
T12087.hs:6:3: error:
    GADT constructor type signature cannot contain nested ‘forall’s or contexts
    Suggestion: instead use this type signature:
      MkF1 :: (Ord a, Eq a) => a -> F1 a
    In the definition of data constructor ‘MkF1’

T12087.hs:9:3: error:
    GADT constructor type signature cannot contain nested ‘forall’s or contexts
    Suggestion: instead use this type signature:
      MkF2 :: (Ord a, Eq a) => a -> F2 a
    In the definition of data constructor ‘MkF2’

T12087.hs:12:3: error:
    GADT constructor type signature cannot contain nested ‘forall’s or contexts
    Suggestion: instead use this type signature:
      MkF3 :: forall a b. (Eq a, Eq b) => a -> b -> F3 a
    In the definition of data constructor ‘MkF3’

T12087.hs:15:3: error:
    GADT constructor type signature cannot contain nested ‘forall’s or contexts
    Suggestion: instead use this type signature:
      MkF4 :: forall a b. (Eq a, Eq b) => a -> b -> F4 a
    In the definition of data constructor ‘MkF4’

T12087.hs:18:3: error:
    GADT constructor type signature cannot contain nested ‘forall’s or contexts
    Suggestion: instead use this type signature:
      MkF5 :: forall a b. Int -> Int -> a -> Int -> Int -> b -> F5 a
    In the definition of data constructor ‘MkF5’
