
==================== Cpr signatures ====================
DataConWrapperCpr.$tc'Foo: #c1(#, #, #c1(#c1(#), #c1(#)), #c1(#),
                               #,
                               #c4(#c1(#c1(#, #, #c1(#c1(#), #c1(#)), #c1(#), #, #c5(*)), *),
                                   #c1(#c1(#, #, #c1(#c1(#), #c1(#)), #c1(#), #, #c5(*)), *)))
DataConWrapperCpr.$tcFoo: #c1(#, #, #c1(#c1(#), #c1(#)), #c1(#), #,
                              #c5(*))
DataConWrapperCpr.$trModule: #c1(#c1(#), #c1(#))
DataConWrapperCpr.foo: #c1(*)


