
==================== Cpr signatures ====================
FacState.$trModule: #1(#, #) 1(1(-), 1(-))
FacState.fac: *1(*, #) 1(-, 1(-))


