
==================== Cpr signatures ====================
T10694.$trModule: #c1(#c1(#), #c1(#))
T10694.m: *
T10694.pm: #c1(*, *)


