
==================== Cpr signatures ====================
Lib.$trModule: #c1(#c1(#), #c1(#))
Lib.fac1: *c1(*, #c1(#))
Lib.fac2: *c1(*, #c1(#))
Lib.fac3: *c1(*, *c1(#))
Lib.facIO: *c1(*, #c1(#))


