
==================== Cpr signatures ====================
<<<<<<< HEAD
<<<<<<< HEAD
T5075.$trModule:
T5075.loop:
=======
T5075.$trModule: #1(#, #) 1(1(-), 1(-))
T5075.loop: * -
>>>>>>> 6bb3d74323... Nested CPR



==================== Strictness signatures ====================
T5075.$trModule:
T5075.loop: <S(LLC(C(S))LLLLL),1*U(A,A,C(C1(U)),A,A,A,A,A)><L,U(A,A,C(C1(U)),A,A,A,C(U))><L,U>
=======
T5075.$trModule: #c1(#c1(#), #c1(#))
T5075.loop: *
>>>>>>> 7dc0a59c86... A slew of testsuite changes


