
==================== Strictness signatures ====================
BottomFromInnerLambda.$trModule:
BottomFromInnerLambda.expensive: <S(S),1*U(U)>
BottomFromInnerLambda.f: <S(S),1*U(U)>



==================== Cpr signatures ====================
<<<<<<< HEAD
BottomFromInnerLambda.$trModule:
BottomFromInnerLambda.expensive: m1
BottomFromInnerLambda.f:
=======
BottomFromInnerLambda.$trModule: #1(#, #) 1(1(-), 1(-))
BottomFromInnerLambda.expensive: * 1(-)
BottomFromInnerLambda.f: * -
>>>>>>> 6bb3d74323... Nested CPR



==================== Strictness signatures ====================
BottomFromInnerLambda.$trModule:
BottomFromInnerLambda.expensive: <S(S),1*U(1*U)>
BottomFromInnerLambda.f: <S(S),1*U(1*U)>


