
==================== Strictness signatures ====================
HyperStrUse.$trModule:
HyperStrUse.f: <S(SL),1*U(1*U(U),A)><S,1*U>



==================== Cpr signatures ====================
<<<<<<< HEAD
HyperStrUse.$trModule:
HyperStrUse.f: m1
=======
HyperStrUse.$trModule: #1(#, #) 1(1(-), 1(-))
HyperStrUse.f: * 1(-)
>>>>>>> 6bb3d74323... Nested CPR



==================== Strictness signatures ====================
HyperStrUse.$trModule:
HyperStrUse.f: <S(SL),1*U(1*U(U),A)><S,1*U>


