
==================== Strictness signatures ====================
Test.$tc'MkT:
Test.$tcT:
Test.$trModule:
Test.t: <S,1*U(U)><S,1*U(U)>
Test.t2: <S,1*U(U)><S,1*U(U)>



==================== Cpr signatures ====================
<<<<<<< HEAD
<<<<<<< HEAD
Test.$tc'MkT:
Test.$tcT:
Test.$trModule:
Test.t: m1
Test.t2: m1
=======
Test.$tc'MkT: #1(*, *, #1(#, #), #, *,
                 #4(#4(#1(#1(*, *, #1(#, #), #, *, #), *),
                       #4(#1(#1(*, *, #1(#, #), #, *, #), *),
                          #1(#1(*, *, #1(#, #), #, *, #), *))),
                    #1(#1(*, *, #1(#, #), #, *, #), *))) 1(-, -, 1(1(-), 1(-)), 1(-),
                                                           -,
                                                           4(4(1(1(-, -, 1(1(-), 1(-)), 1(-), -,
                                                                   5(-)),
                                                                 -),
                                                               4(1(1(-, -, 1(1(-), 1(-)), 1(-), -,
                                                                     5(-)),
                                                                   -),
                                                                 1(1(-, -, 1(1(-), 1(-)), 1(-), -,
                                                                     5(-)),
                                                                   -))),
                                                             1(1(-, -, 1(1(-), 1(-)), 1(-), -,
                                                                 5(-)),
                                                               -)))
Test.$tcT: #1(*, *, #1(#, #), #, *, #) 1(-, -, 1(1(-), 1(-)), 1(-),
                                         -, 5(-))
Test.$trModule: #1(#, #) 1(1(-), 1(-))
Test.t: #1(#) 1(-)
Test.t2: #1(#) 1(-)
>>>>>>> 6bb3d74323... Nested CPR
=======
Test.$tc'MkT: #c1(#, #, #c1(#c1(#), #c1(#)), #c1(#), #,
                  #c4(#c4(#c1(#c1(#, #, #c1(#c1(#), #c1(#)), #c1(#), #, #c5(*)), *),
                          #c4(#c1(#c1(#, #, #c1(#c1(#), #c1(#)), #c1(#), #, #c5(*)), *),
                              #c1(#c1(#, #, #c1(#c1(#), #c1(#)), #c1(#), #, #c5(*)), *))),
                      #c1(#c1(#, #, #c1(#c1(#), #c1(#)), #c1(#), #, #c5(*)), *)))
Test.$tcT: #c1(#, #, #c1(#c1(#), #c1(#)), #c1(#), #, #c5(*))
Test.$trModule: #c1(#c1(#), #c1(#))
Test.t: #c1(#)
Test.t2: #c1(#)
>>>>>>> 7dc0a59c86... A slew of testsuite changes



==================== Strictness signatures ====================
Test.$tc'MkT:
Test.$tcT:
Test.$trModule:
Test.t: <S,1*U(U)><S,1*U(U)>
Test.t2: <S,1*U(U)><S,1*U(U)>


