
==================== Strictness signatures ====================
StrAnalExample.$trModule:
StrAnalExample.foo: <S,1*U>



==================== Cpr signatures ====================
<<<<<<< HEAD
StrAnalExample.$trModule:
StrAnalExample.foo:
=======
StrAnalExample.$trModule: #1(#, #) 1(1(-), 1(-))
StrAnalExample.foo: * -
>>>>>>> 6bb3d74323... Nested CPR



==================== Strictness signatures ====================
StrAnalExample.$trModule:
StrAnalExample.foo: <S,1*U>


