
==================== Strictness signatures ====================
T10694.$trModule:
T10694.m: <L,U(U)><L,U(U)>
T10694.pm: <L,U(U)><L,U(U)>



==================== Cpr signatures ====================
T10694.$trModule: #1(#, #) 1(1(-), 1(-))
T10694.m: * -
T10694.pm: # 1(-, -)



==================== Strictness signatures ====================
T10694.$trModule:
T10694.m: <L,U(U)><L,U(U)>
T10694.pm: <L,U(U)><L,U(U)>


