
==================== Strictness signatures ====================
T12370.$trModule:
T12370.bar: <S,1*U(U)><S,1*U(U)>
T12370.foo: <S(SS),1*U(1*U(U),1*U(U))>



==================== Cpr signatures ====================
<<<<<<< HEAD
T12370.$trModule:
T12370.bar: m1
T12370.foo: m1
=======
T12370.$trModule: #1(#, #) 1(1(-), 1(-))
T12370.bar: #1(#) 1(-)
T12370.foo: #1(#) 1(-)
>>>>>>> 6bb3d74323... Nested CPR



==================== Strictness signatures ====================
T12370.$trModule:
T12370.bar: <S,1*U(U)><S,1*U(U)>
T12370.foo: <S(SS),1*U(1*U(U),1*U(U))>


