
==================== Strictness signatures ====================
T13380f.$trModule:
T13380f.f: <S,1*U(U)><S,1*U(U)><L,U>
T13380f.g: <S,1*U(U)><L,1*U(U)><L,U>
T13380f.h: <S,1*U(U)><L,1*U(U)><L,U>
T13380f.interruptibleCall: <L,U>
T13380f.safeCall: <L,U>
T13380f.unsafeCall: <L,U>



==================== Cpr signatures ====================
T13380f.$trModule: *
T13380f.f: *c1(*, #c1(#))
T13380f.g: *c1(*, #c1(#))
T13380f.h: *c1(*, #c1(#))
T13380f.interruptibleCall: *c1(*, *)
T13380f.safeCall: *c1(*, *)
T13380f.unsafeCall: *c1(*, *)



==================== Strictness signatures ====================
T13380f.$trModule:
T13380f.f: <S,1*U(U)><S,1*U(U)><L,U>
T13380f.g: <S,1*U(U)><L,1*U(U)><L,U>
T13380f.h: <S,1*U(U)><L,1*U(U)><L,U>
T13380f.interruptibleCall: <L,U>
T13380f.safeCall: <L,U>
T13380f.unsafeCall: <L,U>


