
==================== Strictness signatures ====================
T17932.$tc'Options:
T17932.$tc'X:
T17932.$tcOptions:
T17932.$tcX:
T17932.$trModule:
T17932.flags: <S(SS),1*U(1*U,1*U)>



==================== Cpr signatures ====================
<<<<<<< HEAD
<<<<<<< HEAD
T17932.$tc'Options:
T17932.$tc'X:
T17932.$tcOptions:
T17932.$tcX:
T17932.$trModule:
T17932.flags:
=======
T17932.$tc'Options: #1(*, *, #1(#, #), #, *,
                       #4(#1(#1(*, *, #1(#, #), #, *, #), *),
                          #4(#1(#1(*, *, #1(#, #), #, *, #4(#, #)),
                                #2(#1(#1(*, *, #1(#, #), #, *, #), *), *)),
                             #1(#1(*, *, #1(#, #), #, *, #), *)))) 1(-, -, 1(1(-), 1(-)), 1(-),
                                                                     -,
                                                                     4(1(1(-, -, 1(1(-), 1(-)),
                                                                           1(-), -, 5(-)),
                                                                         -),
                                                                       4(1(1(-, -, 1(1(-), 1(-)),
                                                                             1(-), -,
                                                                             4(5(-), 5(-))),
                                                                           2(1(1(-, -,
                                                                                 1(1(-), 1(-)),
                                                                                 1(-), -, 5(-)),
                                                                               -),
                                                                             -)),
                                                                         1(1(-, -, 1(1(-), 1(-)),
                                                                             1(-), -, 5(-)),
                                                                           -))))
T17932.$tc'X: #1(*, *, #1(#, #), #, *,
                 #4(#1(#1(*, *, #1(#, #), #, *, #4(#, #)),
                       #2(#1(#1(*, *, #1(#, #), #, *, #), *), *)),
                    #4(#1(#1(*, *, #1(#, #), #, *, #), *),
                       #4(#1(#1(*, *, #1(#, #), #, *, #), *),
                          #4(#1(#1(*, *, #1(#, #), #, *, #), *),
                             #4(#1(#1(*, *, #1(#, #), #, *, #), *),
                                #1(#1(*, *, #1(#, #), #, *, #), *))))))) 1(-, -, 1(1(-), 1(-)),
                                                                           1(-), -,
                                                                           4(1(1(-, -,
                                                                                 1(1(-), 1(-)),
                                                                                 1(-), -,
                                                                                 4(5(-), 5(-))),
                                                                               2(1(1(-, -,
                                                                                     1(1(-), 1(-)),
                                                                                     1(-), -, 5(-)),
                                                                                   -),
                                                                                 -)),
                                                                             4(1(1(-, -,
                                                                                   1(1(-), 1(-)),
                                                                                   1(-), -, 5(-)),
                                                                                 -),
                                                                               4(1(1(-, -,
                                                                                     1(1(-), 1(-)),
                                                                                     1(-), -, 5(-)),
                                                                                   -),
                                                                                 4(1(1(-, -,
                                                                                       1(1(-),
                                                                                         1(-)),
                                                                                       1(-), -,
                                                                                       5(-)),
                                                                                     -),
                                                                                   4(1(1(-, -,
                                                                                         1(1(-),
                                                                                           1(-)),
                                                                                         1(-), -,
                                                                                         5(-)),
                                                                                       -),
                                                                                     1(1(-, -,
                                                                                         1(1(-),
                                                                                           1(-)),
                                                                                         1(-), -,
                                                                                         5(-)),
                                                                                       -)))))))
T17932.$tcOptions: #1(*, *, #1(#, #), #, *, #) 1(-, -,
                                                 1(1(-), 1(-)), 1(-), -, 5(-))
T17932.$tcX: #1(*, *, #1(#, #), #, *, #) 1(-, -, 1(1(-), 1(-)),
                                           1(-), -, 5(-))
T17932.$trModule: #1(#, #) 1(1(-), 1(-))
T17932.flags: * -
>>>>>>> 6bb3d74323... Nested CPR
=======
T17932.$tc'Options: #c1(#, #, #c1(#c1(#), #c1(#)), #c1(#), #,
                        #c4(#c1(#c1(#, #, #c1(#c1(#), #c1(#)), #c1(#), #, #c5(*)), *),
                            #c4(#c1(#c1(#, #, #c1(#c1(#), #c1(#)), #c1(#), #,
                                        #c4(#c5(*), #c5(*))),
                                    #c2(#c1(#c1(#, #, #c1(#c1(#), #c1(#)), #c1(#), #, #c5(*)), *),
                                        *)),
                                #c1(#c1(#, #, #c1(#c1(#), #c1(#)), #c1(#), #, #c5(*)), *))))
T17932.$tc'X: #c1(#, #, #c1(#c1(#), #c1(#)), #c1(#), #,
                  #c4(#c1(#c1(#, #, #c1(#c1(#), #c1(#)), #c1(#), #,
                              #c4(#c5(*), #c5(*))),
                          #c2(#c1(#c1(#, #, #c1(#c1(#), #c1(#)), #c1(#), #, #c5(*)), *), *)),
                      #c4(#c1(#c1(#, #, #c1(#c1(#), #c1(#)), #c1(#), #, #c5(*)), *),
                          #c4(#c1(#c1(#, #, #c1(#c1(#), #c1(#)), #c1(#), #, #c5(*)), *),
                              #c4(#c1(#c1(#, #, #c1(#c1(#), #c1(#)), #c1(#), #, #c5(*)), *),
                                  #c4(#c1(#c1(#, #, #c1(#c1(#), #c1(#)), #c1(#), #, #c5(*)), *),
                                      #c1(#c1(#, #, #c1(#c1(#), #c1(#)), #c1(#), #, #c5(*)),
                                          *)))))))
T17932.$tcOptions: #c1(#, #, #c1(#c1(#), #c1(#)), #c1(#), #,
                       #c5(*))
T17932.$tcX: #c1(#, #, #c1(#c1(#), #c1(#)), #c1(#), #, #c5(*))
T17932.$trModule: #c1(#c1(#), #c1(#))
T17932.flags: *
>>>>>>> 7dc0a59c86... A slew of testsuite changes



==================== Strictness signatures ====================
T17932.$tc'Options:
T17932.$tc'X:
T17932.$tcOptions:
T17932.$tcX:
T17932.$trModule:
T17932.flags: <S(SS),1*U(1*U,1*U)>


