
==================== Strictness signatures ====================
T8569.$tc'Rdata:
T8569.$tc'Rint:
T8569.$tcRep:
T8569.$trModule:
T8569.addUp: <S,1*U><L,U>



==================== Cpr signatures ====================
<<<<<<< HEAD
<<<<<<< HEAD
T8569.$tc'Rdata:
T8569.$tc'Rint:
T8569.$tcRep:
T8569.$trModule:
T8569.addUp:
=======
T8569.$tc'Rdata: #1(*, *, #1(#, #), #, *,
                    #4(#1(#1(*, *, #1(#, #), #, *, #4(#, #)), #2(#, *)),
                       #4(#4(#, #),
                          #1(#1(*, *, #1(#, #), #, *, #4(#, #)), #2(#, *))))) 1(-, -,
                                                                                1(1(-), 1(-)), 1(-),
                                                                                -,
                                                                                4(1(1(-, -,
                                                                                      1(1(-), 1(-)),
                                                                                      1(-), -,
                                                                                      4(5(-),
                                                                                        5(-))),
                                                                                    2(2(-), -)),
                                                                                  4(4(2(-), 2(-)),
                                                                                    1(1(-, -,
                                                                                        1(1(-),
                                                                                          1(-)),
                                                                                        1(-), -,
                                                                                        4(5(-),
                                                                                          5(-))),
                                                                                      2(2(-), -)))))
T8569.$tc'Rint: #1(*, *, #1(#, #), #, *,
                   #1(#1(*, *, #1(#, #), #, *, #4(#, #)),
                      #2(#1(#1(*, *, #1(#, #), #, *, #), *), *))) 1(-, -, 1(1(-), 1(-)),
                                                                    1(-), -,
                                                                    1(1(-, -, 1(1(-), 1(-)), 1(-),
                                                                        -, 4(5(-), 5(-))),
                                                                      2(1(1(-, -, 1(1(-), 1(-)),
                                                                            1(-), -, 5(-)),
                                                                          -),
                                                                        -)))
T8569.$tcRep: #1(*, *, #1(#, #), #, *, #4(#, #)) 1(-, -,
                                                   1(1(-), 1(-)), 1(-), -, 4(5(-), 5(-)))
T8569.$trModule: #1(#, #) 1(1(-), 1(-))
T8569.addUp: * -
>>>>>>> 6bb3d74323... Nested CPR
=======
T8569.$tc'Rdata: #c1(#, #, #c1(#c1(#), #c1(#)), #c1(#), #,
                     #c4(#c1(#c1(#, #, #, #, #, #), #c2(#, *)),
                         #c4(#c4(#, #), #c1(#, #))))
T8569.$tc'Rint: #c1(#, #, #c1(#c1(#), #c1(#)), #c1(#), #,
                    #c1(#c1(#, #, #c1(#, #), #c1(#), #, #c4(#, #)), #c2(#c1(#, *), *)))
T8569.$tcRep: #c1(#, #, #c1(#c1(#), #c1(#)), #c1(#), #,
                  #c4(#c5(*), #c5(*)))
T8569.$trModule: #c1(#c1(#), #c1(#))
T8569.addUp: *
>>>>>>> 7dc0a59c86... A slew of testsuite changes



==================== Strictness signatures ====================
T8569.$tc'Rdata:
T8569.$tc'Rint:
T8569.$tcRep:
T8569.$trModule:
T8569.addUp: <S,1*U><L,U>


