
==================== Strictness signatures ====================
T8598.$trModule:
T8598.fun: <S,1*U(U)>



==================== Cpr signatures ====================
<<<<<<< HEAD
T8598.$trModule:
T8598.fun: m1
=======
T8598.$trModule: #1(#, #) 1(1(-), 1(-))
T8598.fun: * 1(-)
>>>>>>> 6bb3d74323... Nested CPR



==================== Strictness signatures ====================
T8598.$trModule:
T8598.fun: <S,1*U(U)>


