
==================== Strictness signatures ====================
Foo.$trModule:
Foo.f: <S(S),1*U(1*U)><S,1*U(U)><S,1*U(U)>
Foo.g: <S(SS),1*U(1*U(U),1*U(U))>



==================== Cpr signatures ====================
<<<<<<< HEAD
<<<<<<< HEAD
Foo.$trModule:
Foo.f: m1
Foo.g: m1
=======
Foo.$trModule: #1(#, #) 1(1(-), 1(-))
Foo.f: #1(#) 1(-)
Foo.g: #1(#) 1(-)
>>>>>>> 6bb3d74323... Nested CPR
=======
Foo.$trModule: #c1(#c1(#), #c1(#))
Foo.f: #c1(#)
Foo.g: #c1(#)
>>>>>>> 7dc0a59c86... A slew of testsuite changes



==================== Strictness signatures ====================
Foo.$trModule:
Foo.f: <S(S),1*U(1*U)><S,1*U(U)><S,1*U(U)>
Foo.g: <S(SS),1*U(1*U(U),1*U(U))>


