
==================== Tidy Core ====================
Result size of Tidy Core
  = {terms: 16, types: 6, coercions: 0, joins: 0/0}

-- RHS size: {terms: 1, types: 0, coercions: 0, joins: 0/0}
NatVal.$trModule4 :: GHC.Prim.Addr#
[GblId,
 Cpr=#,
 Unf=Unf{Src=<vanilla>, TopLvl=True, Value=True, ConLike=True,
         WorkFree=True, Expandable=True, Guidance=IF_ARGS [] 20 0}]
NatVal.$trModule4 = "main"#

-- RHS size: {terms: 2, types: 0, coercions: 0, joins: 0/0}
NatVal.$trModule3 :: GHC.Types.TrName
[GblId,
<<<<<<< HEAD
<<<<<<< HEAD
=======
 Cpr=# 1(-),
>>>>>>> 6bb3d74323... Nested CPR
=======
 Cpr=#c1(#),
>>>>>>> 7dc0a59c86... A slew of testsuite changes
 Unf=Unf{Src=<vanilla>, TopLvl=True, Value=True, ConLike=True,
         WorkFree=True, Expandable=True, Guidance=IF_ARGS [] 10 20}]
NatVal.$trModule3 = GHC.Types.TrNameS NatVal.$trModule4

-- RHS size: {terms: 1, types: 0, coercions: 0, joins: 0/0}
NatVal.$trModule2 :: GHC.Prim.Addr#
[GblId,
 Cpr=#,
 Unf=Unf{Src=<vanilla>, TopLvl=True, Value=True, ConLike=True,
         WorkFree=True, Expandable=True, Guidance=IF_ARGS [] 30 0}]
NatVal.$trModule2 = "NatVal"#

-- RHS size: {terms: 2, types: 0, coercions: 0, joins: 0/0}
NatVal.$trModule1 :: GHC.Types.TrName
[GblId,
<<<<<<< HEAD
<<<<<<< HEAD
=======
 Cpr=# 1(-),
>>>>>>> 6bb3d74323... Nested CPR
=======
 Cpr=#c1(#),
>>>>>>> 7dc0a59c86... A slew of testsuite changes
 Unf=Unf{Src=<vanilla>, TopLvl=True, Value=True, ConLike=True,
         WorkFree=True, Expandable=True, Guidance=IF_ARGS [] 10 20}]
NatVal.$trModule1 = GHC.Types.TrNameS NatVal.$trModule2

-- RHS size: {terms: 3, types: 0, coercions: 0, joins: 0/0}
NatVal.$trModule :: GHC.Types.Module
[GblId,
<<<<<<< HEAD
<<<<<<< HEAD
=======
 Cpr=#1(#, #) 1(1(-), 1(-)),
>>>>>>> 6bb3d74323... Nested CPR
=======
 Cpr=#c1(#c1(#), #c1(#)),
>>>>>>> 7dc0a59c86... A slew of testsuite changes
 Unf=Unf{Src=<vanilla>, TopLvl=True, Value=True, ConLike=True,
         WorkFree=True, Expandable=True, Guidance=IF_ARGS [] 10 30}]
NatVal.$trModule
  = GHC.Types.Module NatVal.$trModule3 NatVal.$trModule1

-- RHS size: {terms: 1, types: 0, coercions: 0, joins: 0/0}
foo :: Integer
[GblId,
 Cpr=#,
 Unf=Unf{Src=<vanilla>, TopLvl=True, Value=True, ConLike=True,
         WorkFree=True, Expandable=True, Guidance=IF_ARGS [] 100 0}]
foo = 0



